=== pack: surf ===
{
  "pack_id": "surf",
  "accent": "#10b981",
  "on_accent": "#1a1a2e",
  "accent_ink_light": "#0c7b55",
  "accent_ink_dark": "#10b981",
  "font_display": "'Inter', -apple-system, BlinkMacSystemFont, sans-serif",
  "font_body": "'Inter', -apple-system, BlinkMacSystemFont, sans-serif",
  "radius_card": 16.0,
  "radius_btn": 10.0,
  "radius_chip": 999.0,
  "radius_img": 10.0,
  "border_w": 1.0,
  "border_style": "solid",
  "shadow": "0 1px 2px rgba(15, 23, 42, 0.04)",
  "shadow_hover": "0 10px 30px rgba(15, 23, 42, 0.10)",
  "bg_texture": "none",
  "hero_bg": "radial-gradient(120% 80% at 50% 0%, rgba(255, 255, 255, 0.12), transparent 60%), linear-gradient(160deg, var(--accent), color-mix(in oklab, var(--accent) 68%, #0b1023))",
  "hero_btn_radius": 10.0,
  "banner_btn_radius": 2.0,
  "cta_radius": 10.0,
  "form_submit_radius": 2.0,
  "control_radius": 8.0,
  "feature_card_radius": 16.0,
  "feature_card_pad": 24.0,
  "feature_card_hover_transform": "translateY(-2px)",
  "feature_card_bg": "color-mix(in srgb, var(--surface) 50%, var(--surface-alt) 50%)",
  "tile_surface_bg": "var(--surface)",
  "post_card_bg": "var(--surface)",
  "post_card_radius": 16.0,
  "pg_card_bg": "color-mix(in srgb, var(--surface) 72%, transparent)",
  "pg_card_radius": 20.0,
  "pg_tile_radius": 0.0,
  "details_bg": "var(--surface-alt)",
  "details_radius": 2.0,
  "form_input_bg": "var(--surface)",
  "doc_page_bg": "var(--surface)",
  "doc_page_radius": 16.0,
  "drawer_link_size": "0.9375rem",
  "drawer_link_weight": "500"
}
=== pack: comic ===
{
  "pack_id": "comic",
  "accent": "#10b981",
  "on_accent": "#1a1a2e",
  "accent_ink_light": "#0c7b55",
  "accent_ink_dark": "#10b981",
  "font_display": "'Inter', -apple-system, BlinkMacSystemFont, sans-serif",
  "font_body": "'Inter', -apple-system, BlinkMacSystemFont, sans-serif",
  "radius_card": 4.0,
  "radius_btn": 6.0,
  "radius_chip": 6.0,
  "radius_img": 4.0,
  "border_w": 3.0,
  "border_style": "solid",
  "shadow": "4px 4px 0 rgba(15, 23, 42, 0.85)",
  "shadow_hover": "6px 6px 0 rgba(15, 23, 42, 0.85)",
  "bg_texture": "repeating-linear-gradient(45deg, rgba(15, 23, 42, 0.025) 0 2px, transparent 2px 12px)",
  "hero_bg": "var(--accent)",
  "hero_btn_radius": 6.0,
  "banner_btn_radius": 2.0,
  "cta_radius": 6.0,
  "form_submit_radius": 2.0,
  "control_radius": 8.0,
  "feature_card_radius": 4.0,
  "feature_card_pad": 24.0,
  "feature_card_hover_transform": "translateY(-2px)",
  "feature_card_bg": "color-mix(in srgb, var(--surface) 50%, var(--surface-alt) 50%)",
  "tile_surface_bg": "var(--surface)",
  "post_card_bg": "var(--surface)",
  "post_card_radius": 4.0,
  "pg_card_bg": "color-mix(in srgb, var(--surface) 72%, transparent)",
  "pg_card_radius": 20.0,
  "pg_tile_radius": 0.0,
  "details_bg": "var(--surface-alt)",
  "details_radius": 2.0,
  "form_input_bg": "var(--surface)",
  "doc_page_bg": "var(--surface)",
  "doc_page_radius": 4.0,
  "drawer_link_size": "0.9375rem",
  "drawer_link_weight": "500"
}
