<section class="surfdoc-section">
<h1 id="the-last-twenty">The last twenty</h1>
<p>The six web-only blocks that degraded to markdown until 0.25.0, then the
fourteen that were planned: every one crosses the FFI structurally now.</p>

<div class="surfdoc-infra-card surfdoc-health"><strong class="surfdoc-infra-label">Health Check</strong><ul><li>path: /healthz</li><li>method: GET</li><li>grace: 10s</li><li>interval: 30s</li><li>timeout: 5s</li></ul></div>
<div class="surfdoc-hours" data-timezone="America/Los_Angeles"><h3 class="surfdoc-hours-title">Hours<span class="surfdoc-hours-status"></span></h3><table class="surfdoc-hours-table"><tbody><tr class="surfdoc-hours-row" data-day="1"><th scope="row" class="surfdoc-hours-day">Monday</th><td class="surfdoc-hours-time">11am - 9pm</td></tr><tr class="surfdoc-hours-row" data-day="0"><th scope="row" class="surfdoc-hours-day">Sunday</th><td class="surfdoc-hours-time">Closed</td></tr></tbody></table></div>
<div class="surfdoc-marquee" aria-hidden="true"><div class="surfdoc-marquee-track"><span class="surfdoc-marquee-item">Fresh daily</span><i class="surfdoc-marquee-sep">·</i><span class="surfdoc-marquee-item">Open late</span><i class="surfdoc-marquee-sep">·</i><span class="surfdoc-marquee-item">Fresh daily</span><i class="surfdoc-marquee-sep">·</i><span class="surfdoc-marquee-item">Open late</span><i class="surfdoc-marquee-sep">·</i></div></div>
<table class="surfdoc-smoke" data-script="/smoke.sh"><thead><tr><th>Method</th><th>Path</th><th>Expected</th></tr></thead><tbody><tr><td>GET</td><td><code>/healthz</code></td><td>200</td></tr><tr><td>POST</td><td><code>/api/orders</code></td><td>201</td></tr></tbody></table>
<div class="surfdoc-infra-card surfdoc-use"><strong class="surfdoc-infra-label">Dependencies</strong><ul><li><code>reqwest 0.12 [json, rustls-tls]</code></li><li><code>lettre</code></li></ul></div>
<div class="surfdoc-infra-card surfdoc-volumes"><strong class="surfdoc-infra-label">Volumes</strong><ul><li><code>data</code> &rarr; <code>/data</code></li><li><code>cache</code> &rarr; <code>/var/cache</code></li></ul></div>
<ul class="surfdoc-related"><li class="surfdoc-related-item"><a class="surfdoc-related-link" href="plans/product/plan.md">Architecture Plan</a><span class="surfdoc-related-rel">produces</span></li><li class="surfdoc-related-item"><a class="surfdoc-related-link" href="research/FINDINGS.md">research/FINDINGS.md</a><span class="surfdoc-related-rel">consumes</span></li><li class="surfdoc-related-item"><a class="surfdoc-related-link" href="plans/ideas/wiki.md">plans/ideas/wiki.md</a></li></ul>
<div class="surfdoc-turn surfdoc-turn-human"><div class="surfdoc-turn-head"><span class="surfdoc-turn-avatar">B</span><span class="surfdoc-turn-participant">brady</span><time class="surfdoc-turn-time" data-time="2026-02-10T04:00Z">2026-02-10T04:00Z</time></div><div class="surfdoc-turn-body"><p>Should I file the provisionals first?</p>
</div></div>
<div class="surfdoc-turn surfdoc-turn-ai"><div class="surfdoc-turn-head"><span class="surfdoc-turn-avatar">C</span><span class="surfdoc-turn-participant">claude</span><time class="surfdoc-turn-time" data-time="2026-02-10T04:01Z">2026-02-10T04:01Z</time><span class="surfdoc-turn-model">opus</span></div><div class="surfdoc-turn-body"><p>Yes — file before launch.</p>
</div></div>
<div class="surfdoc-timeline"><div class="surfdoc-timeline-title">Milestones</div><ol class="surfdoc-timeline-list"><li class="surfdoc-timeline-group">Q1 2026</li><li class="surfdoc-timeline-entry"><span class="surfdoc-timeline-when">2026-01</span><span class="surfdoc-timeline-label">TaskSurf beta launch</span></li><li class="surfdoc-timeline-entry"><span class="surfdoc-timeline-when">18:30</span><span class="surfdoc-timeline-label">Deploy Build #38</span></li></ol></div>
<figure class="surfdoc-output"><figcaption class="surfdoc-output-head"><span class="surfdoc-output-for">for analysis</span><span class="surfdoc-output-exit surfdoc-output-exit-ok">exit 0</span><time class="surfdoc-output-time" data-time="2026-02-10T12:00:00Z">2026-02-10T12:00:00Z</time></figcaption><pre class="surfdoc-output-body"><code>Mean quarterly revenue: $12,000</code></pre></figure>
<aside class="surfdoc-ai-generated surfdoc-ai-generated-unreviewed" role="note"><div class="surfdoc-ai-badge"><span class="surfdoc-ai-mark">AI</span><span class="surfdoc-ai-meta">claude-opus-4</span><span class="surfdoc-ai-meta">2026-02-10</span><span class="surfdoc-ai-meta">not reviewed</span></div><div class="surfdoc-ai-body"><p>This analysis suggests revenue will grow 30% quarter-over-quarter.</p>
</div></aside>
<div class="surfdoc-table-wrap"><table class="surfdoc-alternatives"><thead><tr><th scope="col">Option</th><th scope="col">Pros</th><th scope="col">Cons</th><th scope="col">Verdict</th></tr></thead><tbody><tr><td>GTK4</td><td>5MB binary</td><td>Linux-first</td><td class="surfdoc-verdict surfdoc-verdict-selected"><strong>Selected</strong></td></tr><tr><td>Electron</td><td>Cross-platform</td><td>150MB</td><td class="surfdoc-verdict surfdoc-verdict-rejected">Rejected</td></tr></tbody></table></div>
<aside class="surfdoc-ai-context" role="note"><dl class="surfdoc-ai-context-meta"><dt>model</dt><dd>opus</dd><dt>tokens</dt><dd>2400</dd><dt>loaded</dt><dd>yes</dd></dl><div class="surfdoc-ai-context-body"><p>How much context was available.</p>
</div></aside>
<div class="surfdoc-countdown" data-date="2026-03-15"><span class="surfdoc-countdown-label">Launch day</span><time class="surfdoc-countdown-date" data-date="2026-03-15">2026-03-15</time></div>
<style class="surfdoc-css">.custom-thing { border: 2px dashed red; }</style>
<aside data-block-id="1" class="surfdoc-footnote" role="doc-footnote" id="fn-1"><span class="surfdoc-footnote-id">1</span><div class="surfdoc-footnote-body"><p>Gartner, 2025. Tier 1 source.</p>
</div></aside>
<div class="surfdoc-kernel"><div class="surfdoc-kernel-head"><span class="surfdoc-kernel-word">kernel</span><span class="surfdoc-kernel-lang">python</span><span class="surfdoc-kernel-env">analysis</span></div><dl class="surfdoc-kernel-ledger"><dt>runtime</dt><dd>python3.12</dd><dt>packages</dt><dd>numpy, pandas</dd><dt>sandbox</dt><dd>strict</dd></dl></div>
<section class="surfdoc-logo-cloud" aria-label="Trusted by"><div class="surfdoc-logo-cloud-title">Trusted by</div><ul class="surfdoc-logo-cloud-list"><li class="surfdoc-logo-cloud-item"><img class="surfdoc-logo-cloud-logo" src="assets/logos/acme.svg" alt="acme" loading="lazy" /></li><li class="surfdoc-logo-cloud-item"><img class="surfdoc-logo-cloud-logo" src="assets/logos/initech.svg" alt="Initech" loading="lazy" /></li></ul></section>
<form class="surfdoc-subscribe" method="post" action="https://api.example.com/newsletter"><p class="surfdoc-subscribe-pitch">Get notified when we launch.</p><div class="surfdoc-subscribe-field"><input class="surfdoc-subscribe-email" type="email" name="email" placeholder="you@email.com" required><button class="surfdoc-subscribe-button" type="submit">Subscribe</button></div></form>
<aside class="surfdoc-notes" role="note"><div class="surfdoc-notes-label">Presenter notes</div><div class="surfdoc-notes-body"><p>Pause here.</p>
</div></aside>
</section>