[
  {
    "type": "markdown",
    "content": "\n# App spec"
  },
  {
    "type": "app",
    "name": "corpus-app",
    "binary": null,
    "region": null,
    "port": null,
    "platform": null,
    "auth": null,
    "content": "",
    "children": []
  },
  {
    "type": "model",
    "name": "User",
    "fields": [
      {
        "name": "id",
        "field_type": "string",
        "constraints": []
      },
      {
        "name": "email",
        "field_type": "string",
        "constraints": []
      }
    ]
  },
  {
    "type": "auth",
    "provider": "email",
    "session": null,
    "roles": [],
    "default_role": null
  },
  {
    "type": "route",
    "method": "GET",
    "path": "/api/users",
    "auth": null,
    "returns": "list(User)",
    "body": null,
    "handler": null,
    "content": ""
  },
  {
    "type": "deploy",
    "env": null,
    "app": null,
    "machines": null,
    "memory": null,
    "auto_stop": null,
    "min_machines": null,
    "strategy": null,
    "properties": []
  },
  {
    "type": "style",
    "properties": [
      {
        "key": "accent",
        "value": "#2563eb"
      }
    ]
  },
  {
    "type": "markdown",
    "content": "<!-- ::unknown-directive -->\nThis block has no typed parser and degrades to markdown.\n<!-- :: -->"
  }
]